// Jest Snapshot v1, https://goo.gl/fbAQLP

exports[`Base64 #encode gas cost of encode(<some html>) [ @skip-on-coverage ] 1`] = `1668`;

exports[`Base64 #encode gas cost of encode(aLpHaBeT) [ @skip-on-coverage ] 1`] = `1447`;

exports[`Base64 #encode gas cost of encode(alphabet soup) [ @skip-on-coverage ] 1`] = `1878`;

exports[`Base64 #encode gas cost of encode(f) [ @skip-on-coverage ] 1`] = `994`;

exports[`Base64 #encode gas cost of encode(fo) [ @skip-on-coverage ] 1`] = `1005`;

exports[`Base64 #encode gas cost of encode(foo) [ @skip-on-coverage ] 1`] = `1000`;

exports[`Base64 #encode gas cost of encode(foob) [ @skip-on-coverage ] 1`] = `1215`;

exports[`Base64 #encode gas cost of encode(fooba) [ @skip-on-coverage ] 1`] = `1226`;

exports[`Base64 #encode gas cost of encode(foobar) [ @skip-on-coverage ] 1`] = `1221`;

exports[`Base64 #encode gas cost of encode(includes
newlines) [ @skip-on-coverage ] 1`] = `2110`;

exports[`Base64 #encode gas cost of encode(test string) [ @skip-on-coverage ] 1`] = `1668`;

exports[`Base64 #encode gas cost of encode(this is a test) [ @skip-on-coverage ] 1`] = `1889`;

exports[`Base64 #encode gas cost of encode(this is a very long string that should cost a lot of gas to encode :)) [ @skip-on-coverage ] 1`] = `5874`;

exports[`Base64 #encode gas cost of encode(ðŸ˜€) [ @skip-on-coverage ] 1`] = `1215`;

exports[`Base64 #encode max size string (24kB) gas cost [ @skip-on-coverage ] 1`] = `3424951`;
