// Jest Snapshot v1, https://goo.gl/fbAQLP

exports[`QuoterV2 quotes #quoteExactInputSingle gas [ @skip-on-coverage ] 0 -> 2 1`] = `171358`;

exports[`QuoterV2 quotes #quoteExactInputSingle gas [ @skip-on-coverage ] 2 -> 0 1`] = `173617`;

exports[`QuoterV2 quotes #quoteExactOutput gas [ @skip-on-coverage ] 0 -> 2 -> 1 1`] = `305798`;

exports[`QuoterV2 quotes #quoteExactOutput gas [ @skip-on-coverage ] 0 -> 2 cross 0 tick starting tick initialized 1`] = `155060`;

exports[`QuoterV2 quotes #quoteExactOutput gas [ @skip-on-coverage ] 0 -> 2 cross 0 tick starting tick not initialized 1`] = `91723`;

exports[`QuoterV2 quotes #quoteExactOutput gas [ @skip-on-coverage ] 0 -> 2 cross 1 tick 1`] = `135037`;

exports[`QuoterV2 quotes #quoteExactOutput gas [ @skip-on-coverage ] 0 -> 2 cross 2 tick 1`] = `171196`;

exports[`QuoterV2 quotes #quoteExactOutput gas [ @skip-on-coverage ] 0 -> 2 cross 2 where tick after is initialized 1`] = `135067`;

exports[`QuoterV2 quotes #quoteExactOutput gas [ @skip-on-coverage ] 2 -> 0 cross 1 tick 1`] = `137762`;

exports[`QuoterV2 quotes #quoteExactOutput gas [ @skip-on-coverage ] 2 -> 0 cross 2 ticks 1`] = `174230`;

exports[`QuoterV2 quotes #quoteExactOutput gas [ @skip-on-coverage ] 2 -> 0 cross 2 where tick after is initialized 1`] = `174213`;

exports[`QuoterV2 quotes #quoteExactOutput gas [ @skip-on-coverage ] 2 -> 1 1`] = `134643`;

exports[`QuoterV2 quotes #quoteExactOutputSingle gas [ @skip-on-coverage ] 0 -> 1 1`] = `132569`;

exports[`QuoterV2 quotes #quoteExactOutputSingle gas [ @skip-on-coverage ] 1 -> 0 1`] = `134844`;
